node.exe : 
At line:1 char:1
+ & "C:\Program Files\nodejs/node.exe" "C:\Users\hajna\AppData\Roaming\ ...
+ ~~~~~~~~~~~~~~~~~~~~~~~~~~~~~~~~~~~~~~~~~~~~~~~~~~~~~~~~~~~~~~~~~~~~~
    + CategoryInfo          : NotSpecified: (:String) [], RemoteException
    + FullyQualifiedErrorId : NativeCommandError
 
node:internal/modules/run_main:123
    triggerUncaughtException(
    ^
Error [ERR_MODULE_NOT_FOUND]: Cannot find module 'C:\Users\hajna\ebook-reader\src\index.ts' imported from C:\Users\hajna\ebook-reader\
    at finalizeResolution (node:internal/modules/esm/resolve:274:11)
    at moduleResolve (node:internal/modules/esm/resolve:859:10)
    at defaultResolve (node:internal/modules/esm/resolve:983:11)
    at nextResolve (node:internal/modules/esm/hooks:748:28)
    at resolveBase (file:///C:/Users/hajna/ebook-reader/node_modules/tsx/dist/esm/index.mjs?1767618180360:2:3744)
    at resolveDirectory (file:///C:/Users/hajna/ebook-reader/node_modules/tsx/dist/esm/index.mjs?1767618180360:2:4243)
    at resolveTsPaths (file:///C:/Users/hajna/ebook-reader/node_modules/tsx/dist/esm/index.mjs?1767618180360:2:4984)
    at resolve (file:///C:/Users/hajna/ebook-reader/node_modules/tsx/dist/esm/index.mjs?1767618180360:2:5361)
    at nextResolve (node:internal/modules/esm/hooks:748:28)
    at Hooks.resolve (node:internal/modules/esm/hooks:240:30) {
  code: 'ERR_MODULE_NOT_FOUND',
  url: 'file:///C:/Users/hajna/ebook-reader/src/index.ts'
}

Node.js v22.18.0
